// Jest Snapshot v1, https://goo.gl/fbAQLP

exports[`<Button /> should match snapshot 1`] = `
.c0 {
  border: none;
  height: 5.2rem;
  color: white;
  font-weight: 700;
  border-radius: 0.4rem;
  font-size: 1.6rem;
  box-shadow: 0px 4px 10px rgba(0,0,0,0.04);
  background-color: #5061FC;
  padding: 1.6rem;
  -webkit-transition: background 0.2s ease-in;
  transition: background 0.2s ease-in;
  display: -webkit-box;
  display: -webkit-flex;
  display: -ms-flexbox;
  display: flex;
  -webkit-align-items: center;
  -webkit-box-align: center;
  -ms-flex-align: center;
  align-items: center;
  -webkit-box-pack: center;
  -webkit-justify-content: center;
  -ms-flex-pack: center;
  justify-content: center;
}

.c0:hover {
  background-color: #6674f4;
}

.c0:active {
  background-color: #3346f0;
}

.c0:disabled {
  background-color: #ccc !important;
  cursor: not-allowed !important;
}

<button
  class="c0"
  type="button"
>
  Button
</button>
`;
