// Jest Snapshot v1, https://goo.gl/fbAQLP

exports[`<Header /> should match snapshot 1`] = `
.c0 a {
  display: -webkit-box;
  display: -webkit-flex;
  display: -ms-flexbox;
  display: flex;
  -webkit-align-items: center;
  -webkit-box-align: center;
  -ms-flex-align: center;
  align-items: center;
  -webkit-text-decoration: none;
  text-decoration: none;
  cursor: pointer;
}

.c0 a span {
  font-weight: 700;
  color: #5061FC;
}

.c0 a img {
  margin-right: 0.8rem;
  -webkit-transform: rotate(-90deg);
  -ms-transform: rotate(-90deg);
  transform: rotate(-90deg);
}

.c0 h1 {
  font-size: calc(2.0rem + 0.4rem);
}

<header
  class="c0"
>
  <a
    href="/"
  >
    <img
      alt="Back"
      src="arrow.svg"
    />
    <span>
      Voltar
    </span>
  </a>
  <h1>
    Novo contato
  </h1>
</header>
`;
